Warning: You are sending unauthenticated requests to the HF Hub. Please set a HF_TOKEN to enable higher rate limits and faster downloads.
/Users/kunalverma/Developer/ResumeProject/FakeNewsSLM/venv/lib/python3.11/site-packages/torch/jit/_script.py:1491: FutureWarning: `torch.jit.script` is deprecated. Please switch to `torch.compile` or `torch.export`.
  warnings.warn(
Loading processed mathematical dataset...
Loading Microsoft DeBERTa Neural Network...
Loading weights:   0%|          | 0/102 [00:00<?, ?it/s]Loading weights: 100%|██████████| 102/102 [00:00<00:00, 55618.70it/s]
[transformers] [1mDebertaV2ForSequenceClassification LOAD REPORT[0m from: microsoft/deberta-v3-small
Key                                     | Status     | 
----------------------------------------+------------+-
mask_predictions.classifier.bias        | UNEXPECTED | 
lm_predictions.lm_head.LayerNorm.bias   | UNEXPECTED | 
mask_predictions.dense.bias             | UNEXPECTED | 
mask_predictions.LayerNorm.bias         | UNEXPECTED | 
lm_predictions.lm_head.dense.weight     | UNEXPECTED | 
mask_predictions.LayerNorm.weight       | UNEXPECTED | 
lm_predictions.lm_head.bias             | UNEXPECTED | 
lm_predictions.lm_head.LayerNorm.weight | UNEXPECTED | 
mask_predictions.classifier.weight      | UNEXPECTED | 
mask_predictions.dense.weight           | UNEXPECTED | 
lm_predictions.lm_head.dense.bias       | UNEXPECTED | 
pooler.dense.weight                     | MISSING    | 
classifier.bias                         | MISSING    | 
pooler.dense.bias                       | MISSING    | 
classifier.weight                       | MISSING    | 

Notes:
- UNEXPECTED:	can be ignored when loading from different task/architecture; not ok if you expect identical arch.
- MISSING:	those params were newly initialized because missing from the checkpoint. Consider training on your downstream task.
Traceback (most recent call last):
  File "/Users/kunalverma/Developer/ResumeProject/FakeNewsSLM/app/models/train.py", line 58, in <module>
    main()
  File "/Users/kunalverma/Developer/ResumeProject/FakeNewsSLM/app/models/train.py", line 27, in main
    training_args = TrainingArguments(
                    ^^^^^^^^^^^^^^^^^^
TypeError: TrainingArguments.__init__() got an unexpected keyword argument 'evaluation_strategy'
